// Jest Snapshot v1, https://goo.gl/fbAQLP

exports[`<Button /> renders with basic props 1`] = `
<button
  class="button__Base-sc-1caough-0 eWKTrv"
>
  Click me
</button>
`;
